{
  "compilerOptions": {
    "module": "commonjs",
    "target": "es5",
    "allowSyntheticDefaultImports": true,
    "outDir": "../lib/"
  }
}
